02-25 10:47:22.133  8792  8792 D BenchmarkExecutor: jobId: cs406_pullbased_goodBatt2Fast_cycling_cycling_7441_to_7470.json, variants: [Variant{variantId='cycling_7441_to_7470', paramsSamplingStage=ParamsSamplingStage, paramsRunStage=ParamsRunStage, energyPreconditionRunStage=EnergyPreconditionRunStage{requiredBatteryState='discharging', minStartBatteryLevel=-1.0, minEndBatteryLevel=-1.0}}]
02-25 10:47:22.168  8792  8792 D BenchmarkExecutor: Starting variantId=cycling_7441_to_7470, reqBattState=discharging, reqStartBattLevel=-1.0, reqEndBattLevel=-1.0, currBattLevel=0.44, currBattState=discharging
02-25 10:47:22.170  8792  8792 D BenchmarkExecutor: TurningScreenOff - isDisplayOn: false
02-25 10:47:49.538  8792  8792 D BenchmarkExecutor: [Fri Feb 25 10:47:49 GMT-03:00 2022] /sdcard/Download/run-cycling_7441_to_7470.txt finished!
02-25 10:47:49.581  8792  8880 D BenchmarkExecutor: Benchmark result successfully received by the server
02-25 10:47:49.624  8792  8792 D BenchmarkExecutor: jobId: cs406_pullbased_goodBatt2Fast_cycling_cycling_7591_to_7620.json, variants: [Variant{variantId='cycling_7591_to_7620', paramsSamplingStage=ParamsSamplingStage, paramsRunStage=ParamsRunStage, energyPreconditionRunStage=EnergyPreconditionRunStage{requiredBatteryState='discharging', minStartBatteryLevel=-1.0, minEndBatteryLevel=-1.0}}]
02-25 10:47:49.661  8792  8792 D BenchmarkExecutor: Starting variantId=cycling_7591_to_7620, reqBattState=discharging, reqStartBattLevel=-1.0, reqEndBattLevel=-1.0, currBattLevel=0.44, currBattState=discharging
02-25 10:47:49.662  8792  8792 D BenchmarkExecutor: TurningScreenOff - isDisplayOn: false
02-25 10:48:14.107  8792  8792 D BenchmarkExecutor: TurningScreenOff - isDisplayOn: false
02-25 10:48:14.108  8792  8792 D BenchmarkExecutor: BatteryUpdate: reqStartBattLevel=-1.0, currBattLevel=0.44, lastReportedBattLevel=0.44 battState=Discharging plugged=false
02-25 10:48:16.868  8792  8792 D BenchmarkExecutor: [Fri Feb 25 10:48:16 GMT-03:00 2022] /sdcard/Download/run-cycling_7591_to_7620.txt finished!
02-25 10:48:16.915  8792  8880 D BenchmarkExecutor: Benchmark result successfully received by the server
02-25 10:48:16.953  8792  8792 D BenchmarkExecutor: jobId: cs406_pullbased_goodBatt2Fast_cycling_cycling_7741_to_7770.json, variants: [Variant{variantId='cycling_7741_to_7770', paramsSamplingStage=ParamsSamplingStage, paramsRunStage=ParamsRunStage, energyPreconditionRunStage=EnergyPreconditionRunStage{requiredBatteryState='discharging', minStartBatteryLevel=-1.0, minEndBatteryLevel=-1.0}}]
02-25 10:48:16.990  8792  8792 D BenchmarkExecutor: Starting variantId=cycling_7741_to_7770, reqBattState=discharging, reqStartBattLevel=-1.0, reqEndBattLevel=-1.0, currBattLevel=0.44, currBattState=discharging
02-25 10:48:16.991  8792  8792 D BenchmarkExecutor: TurningScreenOff - isDisplayOn: false
02-25 10:48:44.114  8792  8792 D BenchmarkExecutor: [Fri Feb 25 10:48:44 GMT-03:00 2022] /sdcard/Download/run-cycling_7741_to_7770.txt finished!
02-25 10:48:44.169  8792  8880 D BenchmarkExecutor: Benchmark result successfully received by the server
02-25 10:48:44.213  8792  8792 D BenchmarkExecutor: jobId: cs406_pullbased_goodBatt2Fast_cycling_cycling_7891_to_7920.json, variants: [Variant{variantId='cycling_7891_to_7920', paramsSamplingStage=ParamsSamplingStage, paramsRunStage=ParamsRunStage, energyPreconditionRunStage=EnergyPreconditionRunStage{requiredBatteryState='discharging', minStartBatteryLevel=-1.0, minEndBatteryLevel=-1.0}}]
02-25 10:48:44.250  8792  8792 D BenchmarkExecutor: Starting variantId=cycling_7891_to_7920, reqBattState=discharging, reqStartBattLevel=-1.0, reqEndBattLevel=-1.0, currBattLevel=0.44, currBattState=discharging
02-25 10:48:44.252  8792  8792 D BenchmarkExecutor: TurningScreenOff - isDisplayOn: false
02-25 10:49:11.327  8792  8792 D BenchmarkExecutor: [Fri Feb 25 10:49:11 GMT-03:00 2022] /sdcard/Download/run-cycling_7891_to_7920.txt finished!
02-25 10:49:11.387  8792  8880 D BenchmarkExecutor: Benchmark result successfully received by the server
02-25 10:49:11.432  8792  8792 D BenchmarkExecutor: jobId: cs406_pullbased_goodBatt2Fast_cycling_cycling_8071_to_8100.json, variants: [Variant{variantId='cycling_8071_to_8100', paramsSamplingStage=ParamsSamplingStage, paramsRunStage=ParamsRunStage, energyPreconditionRunStage=EnergyPreconditionRunStage{requiredBatteryState='discharging', minStartBatteryLevel=-1.0, minEndBatteryLevel=-1.0}}]
02-25 10:49:11.474  8792  8792 D BenchmarkExecutor: Starting variantId=cycling_8071_to_8100, reqBattState=discharging, reqStartBattLevel=-1.0, reqEndBattLevel=-1.0, currBattLevel=0.44, currBattState=discharging
02-25 10:49:11.475  8792  8792 D BenchmarkExecutor: TurningScreenOff - isDisplayOn: false
02-25 10:49:14.267  8792  8792 D BenchmarkExecutor: TurningScreenOff - isDisplayOn: false
02-25 10:49:38.625  8792  8792 D BenchmarkExecutor: [Fri Feb 25 10:49:38 GMT-03:00 2022] /sdcard/Download/run-cycling_8071_to_8100.txt finished!
02-25 10:49:38.667  8792  8880 D BenchmarkExecutor: Benchmark result successfully received by the server
02-25 10:49:38.716  8792  8792 D BenchmarkExecutor: jobId: cs406_pullbased_goodBatt2Fast_cycling_cycling_8221_to_8250.json, variants: [Variant{variantId='cycling_8221_to_8250', paramsSamplingStage=ParamsSamplingStage, paramsRunStage=ParamsRunStage, energyPreconditionRunStage=EnergyPreconditionRunStage{requiredBatteryState='discharging', minStartBatteryLevel=-1.0, minEndBatteryLevel=-1.0}}]
02-25 10:49:38.755  8792  8792 D BenchmarkExecutor: Starting variantId=cycling_8221_to_8250, reqBattState=discharging, reqStartBattLevel=-1.0, reqEndBattLevel=-1.0, currBattLevel=0.44, currBattState=discharging
02-25 10:49:38.756  8792  8792 D BenchmarkExecutor: TurningScreenOff - isDisplayOn: false
02-25 10:50:05.961  8792  8792 D BenchmarkExecutor: [Fri Feb 25 10:50:05 GMT-03:00 2022] /sdcard/Download/run-cycling_8221_to_8250.txt finished!
02-25 10:50:06.019  8792  8880 D BenchmarkExecutor: Benchmark result successfully received by the server
02-25 10:50:06.059  8792  8792 D BenchmarkExecutor: jobId: cs406_pullbased_goodBatt2Fast_cycling_cycling_8341_to_8370.json, variants: [Variant{variantId='cycling_8341_to_8370', paramsSamplingStage=ParamsSamplingStage, paramsRunStage=ParamsRunStage, energyPreconditionRunStage=EnergyPreconditionRunStage{requiredBatteryState='discharging', minStartBatteryLevel=-1.0, minEndBatteryLevel=-1.0}}]
02-25 10:50:06.099  8792  8792 D BenchmarkExecutor: Starting variantId=cycling_8341_to_8370, reqBattState=discharging, reqStartBattLevel=-1.0, reqEndBattLevel=-1.0, currBattLevel=0.44, currBattState=discharging
02-25 10:50:06.100  8792  8792 D BenchmarkExecutor: TurningScreenOff - isDisplayOn: false
02-25 10:50:14.445  8792  8792 D BenchmarkExecutor: TurningScreenOff - isDisplayOn: false
02-25 10:50:14.447  8792  8792 D BenchmarkExecutor: BatteryUpdate: reqStartBattLevel=-1.0, currBattLevel=0.44, lastReportedBattLevel=0.44 battState=Discharging plugged=false
02-25 10:50:33.685  8792  8792 D BenchmarkExecutor: [Fri Feb 25 10:50:33 GMT-03:00 2022] /sdcard/Download/run-cycling_8341_to_8370.txt finished!
02-25 10:50:33.725  8792  8880 D BenchmarkExecutor: Benchmark result successfully received by the server
02-25 10:50:33.777  8792  8792 D BenchmarkExecutor: jobId: cs406_pullbased_goodBatt2Fast_cycling_cycling_8521_to_8550.json, variants: [Variant{variantId='cycling_8521_to_8550', paramsSamplingStage=ParamsSamplingStage, paramsRunStage=ParamsRunStage, energyPreconditionRunStage=EnergyPreconditionRunStage{requiredBatteryState='discharging', minStartBatteryLevel=-1.0, minEndBatteryLevel=-1.0}}]
02-25 10:50:33.816  8792  8792 D BenchmarkExecutor: Starting variantId=cycling_8521_to_8550, reqBattState=discharging, reqStartBattLevel=-1.0, reqEndBattLevel=-1.0, currBattLevel=0.44, currBattState=discharging
02-25 10:50:33.818  8792  8792 D BenchmarkExecutor: TurningScreenOff - isDisplayOn: false
02-25 10:51:00.958  8792  8792 D BenchmarkExecutor: [Fri Feb 25 10:51:00 GMT-03:00 2022] /sdcard/Download/run-cycling_8521_to_8550.txt finished!
02-25 10:51:01.013  8792  8880 D BenchmarkExecutor: Benchmark result successfully received by the server
02-25 10:51:01.054  8792  8792 D BenchmarkExecutor: jobId: cs406_pullbased_goodBatt2Fast_cycling_cycling_8701_to_8730.json, variants: [Variant{variantId='cycling_8701_to_8730', paramsSamplingStage=ParamsSamplingStage, paramsRunStage=ParamsRunStage, energyPreconditionRunStage=EnergyPreconditionRunStage{requiredBatteryState='discharging', minStartBatteryLevel=-1.0, minEndBatteryLevel=-1.0}}]
02-25 10:51:01.094  8792  8792 D BenchmarkExecutor: Starting variantId=cycling_8701_to_8730, reqBattState=discharging, reqStartBattLevel=-1.0, reqEndBattLevel=-1.0, currBattLevel=0.44, currBattState=discharging
02-25 10:51:01.096  8792  8792 D BenchmarkExecutor: TurningScreenOff - isDisplayOn: false
02-25 10:51:06.262  8792  8792 D BenchmarkExecutor: TurningScreenOff - isDisplayOn: true
02-25 10:51:06.263  8792  8792 D BenchmarkExecutor: BatteryUpdate: reqStartBattLevel=-1.0, currBattLevel=0.43, lastReportedBattLevel=0.43 battState=Discharging plugged=false
02-25 10:51:14.586  8792  8792 D BenchmarkExecutor: TurningScreenOff - isDisplayOn: false
02-25 10:51:14.586  8792  8792 D BenchmarkExecutor: BatteryUpdate: reqStartBattLevel=-1.0, currBattLevel=0.43, lastReportedBattLevel=0.43 battState=Discharging plugged=false
02-25 10:51:28.537  8792  8792 D BenchmarkExecutor: [Fri Feb 25 10:51:28 GMT-03:00 2022] /sdcard/Download/run-cycling_8701_to_8730.txt finished!
02-25 10:51:28.583  8792  8880 D BenchmarkExecutor: Benchmark result successfully received by the server
02-25 10:51:28.633  8792  8792 D BenchmarkExecutor: jobId: cs406_pullbased_goodBatt2Fast_cycling_cycling_8821_to_8850.json, variants: [Variant{variantId='cycling_8821_to_8850', paramsSamplingStage=ParamsSamplingStage, paramsRunStage=ParamsRunStage, energyPreconditionRunStage=EnergyPreconditionRunStage{requiredBatteryState='discharging', minStartBatteryLevel=-1.0, minEndBatteryLevel=-1.0}}]
02-25 10:51:28.675  8792  8792 D BenchmarkExecutor: Starting variantId=cycling_8821_to_8850, reqBattState=discharging, reqStartBattLevel=-1.0, reqEndBattLevel=-1.0, currBattLevel=0.43, currBattState=discharging
02-25 10:51:28.677  8792  8792 D BenchmarkExecutor: TurningScreenOff - isDisplayOn: false
02-25 10:51:56.287  8792  8792 D BenchmarkExecutor: [Fri Feb 25 10:51:56 GMT-03:00 2022] /sdcard/Download/run-cycling_8821_to_8850.txt finished!
02-25 10:51:56.337  8792  8880 D BenchmarkExecutor: Benchmark result successfully received by the server
02-25 10:52:15.544  8792  8792 D BenchmarkExecutor: TurningScreenOff - isDisplayOn: false
02-25 10:52:15.545  8792  8792 D BenchmarkExecutor: BatteryUpdate: reqStartBattLevel=-1.0, currBattLevel=0.43, lastReportedBattLevel=0.43 battState=Discharging plugged=false
02-25 10:52:36.580  8792  8792 D BenchmarkExecutor: Retrying benchmarks retrieval
02-25 10:53:15.774  8792  8792 D BenchmarkExecutor: TurningScreenOff - isDisplayOn: false
02-25 10:53:15.775  8792  8792 D BenchmarkExecutor: BatteryUpdate: reqStartBattLevel=-1.0, currBattLevel=0.43, lastReportedBattLevel=0.43 battState=Discharging plugged=false
02-25 10:53:16.900  8792  8792 D BenchmarkExecutor: Retrying benchmarks retrieval
02-25 10:53:57.139  8792  8792 D BenchmarkExecutor: Retrying benchmarks retrieval
02-25 10:54:15.939  8792  8792 D BenchmarkExecutor: TurningScreenOff - isDisplayOn: false
02-25 10:54:15.940  8792  8792 D BenchmarkExecutor: BatteryUpdate: reqStartBattLevel=-1.0, currBattLevel=0.43, lastReportedBattLevel=0.43 battState=Discharging plugged=false
02-25 10:54:37.428  8792  8792 D BenchmarkExecutor: Retrying benchmarks retrieval
02-25 10:55:16.110  8792  8792 D BenchmarkExecutor: TurningScreenOff - isDisplayOn: false
02-25 10:55:16.111  8792  8792 D BenchmarkExecutor: BatteryUpdate: reqStartBattLevel=-1.0, currBattLevel=0.43, lastReportedBattLevel=0.43 battState=Discharging plugged=false
02-25 10:55:17.647  8792  8792 D BenchmarkExecutor: Retrying benchmarks retrieval
02-25 10:55:57.904  8792  8792 D BenchmarkExecutor: Retrying benchmarks retrieval
02-25 10:56:16.282  8792  8792 D BenchmarkExecutor: TurningScreenOff - isDisplayOn: false
02-25 10:56:16.283  8792  8792 D BenchmarkExecutor: BatteryUpdate: reqStartBattLevel=-1.0, currBattLevel=0.43, lastReportedBattLevel=0.43 battState=Discharging plugged=false
02-25 10:56:38.173  8792  8792 D BenchmarkExecutor: Retrying benchmarks retrieval
02-25 10:57:16.431  8792  8792 D BenchmarkExecutor: TurningScreenOff - isDisplayOn: false
02-25 10:57:16.432  8792  8792 D BenchmarkExecutor: BatteryUpdate: reqStartBattLevel=-1.0, currBattLevel=0.43, lastReportedBattLevel=0.43 battState=Discharging plugged=false
02-25 10:57:18.412  8792  8792 D BenchmarkExecutor: Retrying benchmarks retrieval
02-25 10:57:58.678  8792  8792 D BenchmarkExecutor: Retrying benchmarks retrieval
02-25 10:58:16.584  8792  8792 D BenchmarkExecutor: TurningScreenOff - isDisplayOn: false
02-25 10:58:16.585  8792  8792 D BenchmarkExecutor: BatteryUpdate: reqStartBattLevel=-1.0, currBattLevel=0.43, lastReportedBattLevel=0.43 battState=Discharging plugged=false
02-25 10:58:38.916  8792  8792 D BenchmarkExecutor: Retrying benchmarks retrieval
02-25 10:59:16.720  8792  8792 D BenchmarkExecutor: TurningScreenOff - isDisplayOn: false
02-25 10:59:16.721  8792  8792 D BenchmarkExecutor: BatteryUpdate: reqStartBattLevel=-1.0, currBattLevel=0.43, lastReportedBattLevel=0.43 battState=Discharging plugged=false
02-25 10:59:19.133  8792  8792 D BenchmarkExecutor: Retrying benchmarks retrieval
02-25 10:59:59.362  8792  8792 D BenchmarkExecutor: Retrying benchmarks retrieval
02-25 11:00:16.900  8792  8792 D BenchmarkExecutor: TurningScreenOff - isDisplayOn: false
02-25 11:00:16.902  8792  8792 D BenchmarkExecutor: BatteryUpdate: reqStartBattLevel=-1.0, currBattLevel=0.43, lastReportedBattLevel=0.43 battState=Discharging plugged=false
02-25 11:00:39.607  8792  8792 D BenchmarkExecutor: Retrying benchmarks retrieval
02-25 11:01:09.182  8792  8792 D BenchmarkExecutor: TurningScreenOff - isDisplayOn: false
02-25 11:01:09.184  8792  8792 D BenchmarkExecutor: BatteryUpdate: reqStartBattLevel=-1.0, currBattLevel=0.43, lastReportedBattLevel=0.43 battState=Discharging plugged=false
02-25 11:01:17.056  8792  8792 D BenchmarkExecutor: TurningScreenOff - isDisplayOn: false
02-25 11:01:17.057  8792  8792 D BenchmarkExecutor: BatteryUpdate: reqStartBattLevel=-1.0, currBattLevel=0.43, lastReportedBattLevel=0.43 battState=Discharging plugged=false
02-25 11:01:19.834  8792  8792 D BenchmarkExecutor: Retrying benchmarks retrieval
02-25 11:02:00.055  8792  8792 D BenchmarkExecutor: Retrying benchmarks retrieval
02-25 11:02:17.214  8792  8792 D BenchmarkExecutor: TurningScreenOff - isDisplayOn: false
02-25 11:02:17.215  8792  8792 D BenchmarkExecutor: BatteryUpdate: reqStartBattLevel=-1.0, currBattLevel=0.43, lastReportedBattLevel=0.43 battState=Discharging plugged=false
02-25 11:02:40.330  8792  8792 D BenchmarkExecutor: Retrying benchmarks retrieval
02-25 11:03:18.651  8792  8792 D BenchmarkExecutor: TurningScreenOff - isDisplayOn: false
02-25 11:03:18.651  8792  8792 D BenchmarkExecutor: BatteryUpdate: reqStartBattLevel=-1.0, currBattLevel=0.43, lastReportedBattLevel=0.43 battState=Discharging plugged=false
02-25 11:03:20.595  8792  8792 D BenchmarkExecutor: Retrying benchmarks retrieval
02-25 11:04:00.818  8792  8792 D BenchmarkExecutor: Retrying benchmarks retrieval
02-25 11:04:18.816  8792  8792 D BenchmarkExecutor: TurningScreenOff - isDisplayOn: false
02-25 11:04:18.818  8792  8792 D BenchmarkExecutor: BatteryUpdate: reqStartBattLevel=-1.0, currBattLevel=0.43, lastReportedBattLevel=0.43 battState=Discharging plugged=false
02-25 11:04:41.038  8792  8792 D BenchmarkExecutor: Retrying benchmarks retrieval
02-25 11:05:18.974  8792  8792 D BenchmarkExecutor: TurningScreenOff - isDisplayOn: false
02-25 11:05:18.975  8792  8792 D BenchmarkExecutor: BatteryUpdate: reqStartBattLevel=-1.0, currBattLevel=0.43, lastReportedBattLevel=0.43 battState=Discharging plugged=false
02-25 11:05:21.310  8792  8792 D BenchmarkExecutor: Retrying benchmarks retrieval
02-25 11:06:01.566  8792  8792 D BenchmarkExecutor: Retrying benchmarks retrieval
02-25 11:06:20.411  8792  8792 D BenchmarkExecutor: TurningScreenOff - isDisplayOn: false
02-25 11:06:20.412  8792  8792 D BenchmarkExecutor: BatteryUpdate: reqStartBattLevel=-1.0, currBattLevel=0.43, lastReportedBattLevel=0.43 battState=Discharging plugged=false
02-25 11:06:41.801  8792  8792 D BenchmarkExecutor: Retrying benchmarks retrieval
02-25 11:07:20.572  8792  8792 D BenchmarkExecutor: TurningScreenOff - isDisplayOn: false
02-25 11:07:20.573  8792  8792 D BenchmarkExecutor: BatteryUpdate: reqStartBattLevel=-1.0, currBattLevel=0.43, lastReportedBattLevel=0.43 battState=Discharging plugged=false
02-25 11:07:22.065  8792  8792 D BenchmarkExecutor: Retrying benchmarks retrieval
02-25 11:08:02.311  8792  8792 D BenchmarkExecutor: Retrying benchmarks retrieval
02-25 11:08:20.740  8792  8792 D BenchmarkExecutor: TurningScreenOff - isDisplayOn: false
02-25 11:08:20.742  8792  8792 D BenchmarkExecutor: BatteryUpdate: reqStartBattLevel=-1.0, currBattLevel=0.43, lastReportedBattLevel=0.43 battState=Discharging plugged=false
02-25 11:08:42.555  8792  8792 D BenchmarkExecutor: Retrying benchmarks retrieval
02-25 11:09:22.143  8792  8792 D BenchmarkExecutor: TurningScreenOff - isDisplayOn: false
02-25 11:09:22.145  8792  8792 D BenchmarkExecutor: BatteryUpdate: reqStartBattLevel=-1.0, currBattLevel=0.43, lastReportedBattLevel=0.43 battState=Discharging plugged=false
02-25 11:09:22.801  8792  8792 D BenchmarkExecutor: Retrying benchmarks retrieval
02-25 11:10:03.019  8792  8792 D BenchmarkExecutor: Retrying benchmarks retrieval
02-25 11:10:22.338  8792  8792 D BenchmarkExecutor: TurningScreenOff - isDisplayOn: false
02-25 11:10:22.340  8792  8792 D BenchmarkExecutor: BatteryUpdate: reqStartBattLevel=-1.0, currBattLevel=0.43, lastReportedBattLevel=0.43 battState=Discharging plugged=false
02-25 11:10:43.255  8792  8792 D BenchmarkExecutor: Retrying benchmarks retrieval
02-25 11:11:09.182  8792  8792 D BenchmarkExecutor: TurningScreenOff - isDisplayOn: false
02-25 11:11:09.184  8792  8792 D BenchmarkExecutor: BatteryUpdate: reqStartBattLevel=-1.0, currBattLevel=0.43, lastReportedBattLevel=0.43 battState=Discharging plugged=false
02-25 11:11:23.479  8792  8792 D BenchmarkExecutor: Retrying benchmarks retrieval
02-25 11:11:23.778  8792  8792 D BenchmarkExecutor: TurningScreenOff - isDisplayOn: false
02-25 11:11:23.779  8792  8792 D BenchmarkExecutor: BatteryUpdate: reqStartBattLevel=-1.0, currBattLevel=0.43, lastReportedBattLevel=0.43 battState=Discharging plugged=false
02-25 11:12:03.690  8792  8792 D BenchmarkExecutor: Retrying benchmarks retrieval
02-25 11:12:23.934  8792  8792 D BenchmarkExecutor: TurningScreenOff - isDisplayOn: false
02-25 11:12:23.936  8792  8792 D BenchmarkExecutor: BatteryUpdate: reqStartBattLevel=-1.0, currBattLevel=0.43, lastReportedBattLevel=0.43 battState=Discharging plugged=false
02-25 11:12:43.929  8792  8792 D BenchmarkExecutor: Retrying benchmarks retrieval
02-25 11:13:24.156  8792  8792 D BenchmarkExecutor: Retrying benchmarks retrieval
02-25 11:13:25.397  8792  8792 D BenchmarkExecutor: TurningScreenOff - isDisplayOn: false
02-25 11:13:25.398  8792  8792 D BenchmarkExecutor: BatteryUpdate: reqStartBattLevel=-1.0, currBattLevel=0.43, lastReportedBattLevel=0.43 battState=Discharging plugged=false
02-25 11:14:04.361  8792  8792 D BenchmarkExecutor: Retrying benchmarks retrieval
02-25 11:14:25.539  8792  8792 D BenchmarkExecutor: TurningScreenOff - isDisplayOn: false
02-25 11:14:25.540  8792  8792 D BenchmarkExecutor: BatteryUpdate: reqStartBattLevel=-1.0, currBattLevel=0.43, lastReportedBattLevel=0.43 battState=Discharging plugged=false
02-25 11:14:44.587  8792  8792 D BenchmarkExecutor: Retrying benchmarks retrieval
02-25 11:15:24.837  8792  8792 D BenchmarkExecutor: Retrying benchmarks retrieval
02-25 11:15:27.010  8792  8792 D BenchmarkExecutor: TurningScreenOff - isDisplayOn: false
02-25 11:15:27.011  8792  8792 D BenchmarkExecutor: BatteryUpdate: reqStartBattLevel=-1.0, currBattLevel=0.43, lastReportedBattLevel=0.43 battState=Discharging plugged=false
02-25 11:16:05.074  8792  8792 D BenchmarkExecutor: Retrying benchmarks retrieval
02-25 11:16:27.140  8792  8792 D BenchmarkExecutor: TurningScreenOff - isDisplayOn: false
02-25 11:16:27.142  8792  8792 D BenchmarkExecutor: BatteryUpdate: reqStartBattLevel=-1.0, currBattLevel=0.43, lastReportedBattLevel=0.43 battState=Discharging plugged=false
02-25 11:16:45.480  8792  8792 D BenchmarkExecutor: Retrying benchmarks retrieval
02-25 11:17:25.763  8792  8792 D BenchmarkExecutor: Retrying benchmarks retrieval
02-25 11:17:28.587  8792  8792 D BenchmarkExecutor: TurningScreenOff - isDisplayOn: false
02-25 11:17:28.589  8792  8792 D BenchmarkExecutor: BatteryUpdate: reqStartBattLevel=-1.0, currBattLevel=0.43, lastReportedBattLevel=0.43 battState=Discharging plugged=false
02-25 11:18:05.989  8792  8792 D BenchmarkExecutor: Retrying benchmarks retrieval
02-25 11:18:26.141  8792  8792 D BenchmarkExecutor: jobId: fast_charging_job, variants: [Variant{variantId='cpu0_charging_screenOff', paramsSamplingStage=ParamsSamplingStage, paramsRunStage=ParamsRunStage, energyPreconditionRunStage=EnergyPreconditionRunStage{requiredBatteryState='charging_ac', minStartBatteryLevel=-1.0, minEndBatteryLevel=0.48}}]
02-25 11:18:26.207  8792  8792 D BenchmarkExecutor: Signal sent to motrol to put slot id in charging_ac
02-25 11:18:26.309  8792  8792 D BenchmarkExecutor: TurningScreenOff - isDisplayOn: false
02-25 11:18:26.310  8792  8792 D BenchmarkExecutor: BatteryUpdate: reqStartBattLevel=-1.0, currBattLevel=0.43, lastReportedBattLevel=0.43 battState=Discharging plugged=false
02-25 11:18:26.399  8792  8792 D BenchmarkExecutor: Energy switched successfully to: charging_ac
02-25 11:18:26.499  8792  8792 D BenchmarkExecutor: Signal sent to motrol to put slot id in charging_ac
02-25 11:18:26.502  8792  8792 D BenchmarkExecutor: TurningScreenOff - isDisplayOn: false
02-25 11:18:26.691  8792  8792 D BenchmarkExecutor: Energy switched successfully to: charging_ac
02-25 11:18:26.775  8792  8792 D BenchmarkExecutor: Signal sent to motrol to put slot id in charging_ac
02-25 11:18:26.974  8792  8792 D BenchmarkExecutor: Energy switched successfully to: charging_ac
02-25 11:18:27.056  8792  8792 D BenchmarkExecutor: Signal sent to motrol to put slot id in charging_ac
02-25 11:18:27.231  8792  8792 D BenchmarkExecutor: Energy switched successfully to: charging_ac
02-25 11:18:27.296  8792  8792 D BenchmarkExecutor: Signal sent to motrol to put slot id in charging_ac
02-25 11:18:27.489  8792  8792 D BenchmarkExecutor: TurningScreenOff - isDisplayOn: false
02-25 11:18:27.527  8792  8792 D BenchmarkExecutor: TurningScreenOff - isDisplayOn: true
02-25 11:18:27.529  8792  8792 D BenchmarkExecutor: Energy switched successfully to: charging_ac
02-25 11:18:27.595  8792  8792 D BenchmarkExecutor: Starting variantId=cpu0_charging_screenOff, reqBattState=charging_ac, reqStartBattLevel=-1.0, reqEndBattLevel=0.48, currBattLevel=0.43, currBattState=charging
02-25 11:18:27.596  8792  8792 D BenchmarkExecutor: TurningScreenOff - isDisplayOn: true
02-25 11:18:27.837  8792  8792 D BenchmarkExecutor: TurningScreenOff - isDisplayOn: false
02-25 11:18:30.252  8792  8792 D BenchmarkExecutor: Screen State changed. Now screen_on
02-25 11:18:30.312  8792  8792 D BenchmarkExecutor: TurningScreenOff - isDisplayOn: false
02-25 11:18:30.321  8792  8792 D BenchmarkExecutor: TurningScreenOff - isDisplayOn: false
02-25 11:18:30.444  8792  8792 D BenchmarkExecutor: Screen State changed. Now screen_off
02-25 11:18:46.538  8792  8792 D BenchmarkExecutor: TurningScreenOff - isDisplayOn: false
02-25 11:18:46.539  8792  8792 D BenchmarkExecutor: BatteryUpdate: reqStartBattLevel=-1.0, currBattLevel=0.44, lastReportedBattLevel=0.44 battState=Charging plugged=true
02-25 11:19:27.440  8792  8792 D BenchmarkExecutor: TurningScreenOff - isDisplayOn: false
02-25 11:19:27.442  8792  8792 D BenchmarkExecutor: BatteryUpdate: reqStartBattLevel=-1.0, currBattLevel=0.44, lastReportedBattLevel=0.44 battState=Charging plugged=true
02-25 11:19:30.697  8792  8792 D BenchmarkExecutor: TurningScreenOff - isDisplayOn: false
02-25 11:19:31.720  8792  8792 D BenchmarkExecutor: TurningScreenOff - isDisplayOn: false
02-25 11:19:31.722  8792  8792 D BenchmarkExecutor: BatteryUpdate: reqStartBattLevel=-1.0, currBattLevel=0.45, lastReportedBattLevel=0.45 battState=Charging plugged=true
02-25 11:20:00.558  8792  8792 D BenchmarkExecutor: TurningScreenOff - isDisplayOn: false
02-25 11:20:00.559  8792  8792 D BenchmarkExecutor: BatteryUpdate: reqStartBattLevel=-1.0, currBattLevel=0.45, lastReportedBattLevel=0.45 battState=Charging plugged=true
02-25 11:20:27.438  8792  8792 D BenchmarkExecutor: TurningScreenOff - isDisplayOn: false
02-25 11:20:27.440  8792  8792 D BenchmarkExecutor: BatteryUpdate: reqStartBattLevel=-1.0, currBattLevel=0.45, lastReportedBattLevel=0.45 battState=Charging plugged=true
02-25 11:20:31.834  8792  8792 D BenchmarkExecutor: TurningScreenOff - isDisplayOn: false
02-25 11:20:47.990  8792  8792 D BenchmarkExecutor: TurningScreenOff - isDisplayOn: false
02-25 11:20:47.991  8792  8792 D BenchmarkExecutor: BatteryUpdate: reqStartBattLevel=-1.0, currBattLevel=0.45, lastReportedBattLevel=0.45 battState=Charging plugged=true
02-25 11:21:27.441  8792  8792 D BenchmarkExecutor: TurningScreenOff - isDisplayOn: false
02-25 11:21:27.443  8792  8792 D BenchmarkExecutor: BatteryUpdate: reqStartBattLevel=-1.0, currBattLevel=0.45, lastReportedBattLevel=0.45 battState=Charging plugged=true
02-25 11:21:31.993  8792  8792 D BenchmarkExecutor: TurningScreenOff - isDisplayOn: false
02-25 11:21:35.454  8792  8792 D BenchmarkExecutor: TurningScreenOff - isDisplayOn: false
02-25 11:21:35.456  8792  8792 D BenchmarkExecutor: BatteryUpdate: reqStartBattLevel=-1.0, currBattLevel=0.45, lastReportedBattLevel=0.45 battState=Charging plugged=true
02-25 11:22:21.460  8792  8792 D BenchmarkExecutor: TurningScreenOff - isDisplayOn: false
02-25 11:22:21.461  8792  8792 D BenchmarkExecutor: BatteryUpdate: reqStartBattLevel=-1.0, currBattLevel=0.45, lastReportedBattLevel=0.45 battState=Charging plugged=true
02-25 11:22:32.150  8792  8792 D BenchmarkExecutor: TurningScreenOff - isDisplayOn: false
02-25 11:22:32.151  8792  8792 D BenchmarkExecutor: BatteryUpdate: reqStartBattLevel=-1.0, currBattLevel=0.45, lastReportedBattLevel=0.45 battState=Charging plugged=true
02-25 11:23:08.971  8792  8792 D BenchmarkExecutor: TurningScreenOff - isDisplayOn: false
02-25 11:23:08.973  8792  8792 D BenchmarkExecutor: BatteryUpdate: reqStartBattLevel=-1.0, currBattLevel=0.45, lastReportedBattLevel=0.45 battState=Charging plugged=true
02-25 11:23:27.445  8792  8792 D BenchmarkExecutor: TurningScreenOff - isDisplayOn: false
02-25 11:23:27.446  8792  8792 D BenchmarkExecutor: BatteryUpdate: reqStartBattLevel=-1.0, currBattLevel=0.45, lastReportedBattLevel=0.45 battState=Charging plugged=true
02-25 11:23:32.311  8792  8792 D BenchmarkExecutor: TurningScreenOff - isDisplayOn: false
02-25 11:23:56.499  8792  8792 D BenchmarkExecutor: TurningScreenOff - isDisplayOn: false
02-25 11:23:56.500  8792  8792 D BenchmarkExecutor: BatteryUpdate: reqStartBattLevel=-1.0, currBattLevel=0.45, lastReportedBattLevel=0.45 battState=Charging plugged=true
02-25 11:24:27.441  8792  8792 D BenchmarkExecutor: TurningScreenOff - isDisplayOn: false
02-25 11:24:27.442  8792  8792 D BenchmarkExecutor: BatteryUpdate: reqStartBattLevel=-1.0, currBattLevel=0.45, lastReportedBattLevel=0.45 battState=Charging plugged=true
02-25 11:24:32.458  8792  8792 D BenchmarkExecutor: TurningScreenOff - isDisplayOn: false
02-25 11:24:32.459  8792  8792 D BenchmarkExecutor: BatteryUpdate: reqStartBattLevel=-1.0, currBattLevel=0.45, lastReportedBattLevel=0.45 battState=Charging plugged=true
02-25 11:24:42.572  8792  8792 D BenchmarkExecutor: TurningScreenOff - isDisplayOn: false
02-25 11:24:42.573  8792  8792 D BenchmarkExecutor: BatteryUpdate: reqStartBattLevel=-1.0, currBattLevel=0.45, lastReportedBattLevel=0.45 battState=Charging plugged=true
02-25 11:25:27.444  8792  8792 D BenchmarkExecutor: TurningScreenOff - isDisplayOn: false
02-25 11:25:27.446  8792  8792 D BenchmarkExecutor: BatteryUpdate: reqStartBattLevel=-1.0, currBattLevel=0.45, lastReportedBattLevel=0.45 battState=Charging plugged=true
02-25 11:25:30.140  8792  8792 D BenchmarkExecutor: TurningScreenOff - isDisplayOn: false
02-25 11:25:32.640  8792  8792 D BenchmarkExecutor: TurningScreenOff - isDisplayOn: false
02-25 11:25:32.641  8792  8792 D BenchmarkExecutor: BatteryUpdate: reqStartBattLevel=-1.0, currBattLevel=0.45, lastReportedBattLevel=0.45 battState=Charging plugged=true
02-25 11:25:43.392  8792  8792 D BenchmarkExecutor: TurningScreenOff - isDisplayOn: false
02-25 11:25:43.396  8792  8792 D BenchmarkExecutor: BatteryUpdate: reqStartBattLevel=-1.0, currBattLevel=0.45, lastReportedBattLevel=0.45 battState=Charging plugged=true
02-25 11:25:44.398  8792  8792 D BenchmarkExecutor: TurningScreenOff - isDisplayOn: false
02-25 11:25:53.296  8792  8792 D BenchmarkExecutor: TurningScreenOff - isDisplayOn: false
02-25 11:25:53.297  8792  8792 D BenchmarkExecutor: BatteryUpdate: reqStartBattLevel=-1.0, currBattLevel=0.45, lastReportedBattLevel=0.45 battState=Charging plugged=true
02-25 11:25:54.303  8792  8792 D BenchmarkExecutor: TurningScreenOff - isDisplayOn: false
02-25 11:25:56.311  8792  8792 D BenchmarkExecutor: TurningScreenOff - isDisplayOn: false
02-25 11:26:03.296  8792  8792 D BenchmarkExecutor: TurningScreenOff - isDisplayOn: false
02-25 11:26:03.298  8792  8792 D BenchmarkExecutor: BatteryUpdate: reqStartBattLevel=-1.0, currBattLevel=0.45, lastReportedBattLevel=0.45 battState=Charging plugged=true
02-25 11:26:05.297  8792  8792 D BenchmarkExecutor: TurningScreenOff - isDisplayOn: false
02-25 11:26:06.316  8792  8792 D BenchmarkExecutor: TurningScreenOff - isDisplayOn: false
02-25 11:26:07.323  8792  8792 D BenchmarkExecutor: TurningScreenOff - isDisplayOn: false
02-25 11:26:08.324  8792  8792 D BenchmarkExecutor: TurningScreenOff - isDisplayOn: false
02-25 11:26:08.325  8792  8792 D BenchmarkExecutor: BatteryUpdate: reqStartBattLevel=-1.0, currBattLevel=0.45, lastReportedBattLevel=0.45 battState=Charging plugged=true
02-25 11:26:09.330  8792  8792 D BenchmarkExecutor: TurningScreenOff - isDisplayOn: false
02-25 11:26:10.334  8792  8792 D BenchmarkExecutor: TurningScreenOff - isDisplayOn: false
02-25 11:26:12.343  8792  8792 D BenchmarkExecutor: TurningScreenOff - isDisplayOn: false
02-25 11:26:17.719  8792  8792 D BenchmarkExecutor: TurningScreenOff - isDisplayOn: false
02-25 11:26:17.726  8792  8792 D BenchmarkExecutor: BatteryUpdate: reqStartBattLevel=-1.0, currBattLevel=0.45, lastReportedBattLevel=0.45 battState=Charging plugged=true
02-25 11:26:23.307  8792  8792 D BenchmarkExecutor: TurningScreenOff - isDisplayOn: false
02-25 11:26:23.308  8792  8792 D BenchmarkExecutor: BatteryUpdate: reqStartBattLevel=-1.0, currBattLevel=0.45, lastReportedBattLevel=0.45 battState=Charging plugged=true
02-25 11:26:24.313  8792  8792 D BenchmarkExecutor: TurningScreenOff - isDisplayOn: false
02-25 11:26:25.320  8792  8792 D BenchmarkExecutor: TurningScreenOff - isDisplayOn: false
02-25 11:26:27.330  8792  8792 D BenchmarkExecutor: TurningScreenOff - isDisplayOn: false
02-25 11:26:28.332  8792  8792 D BenchmarkExecutor: TurningScreenOff - isDisplayOn: false
02-25 11:26:28.333  8792  8792 D BenchmarkExecutor: BatteryUpdate: reqStartBattLevel=-1.0, currBattLevel=0.45, lastReportedBattLevel=0.45 battState=Charging plugged=true
02-25 11:26:30.341  8792  8792 D BenchmarkExecutor: TurningScreenOff - isDisplayOn: false
02-25 11:26:31.348  8792  8792 D BenchmarkExecutor: TurningScreenOff - isDisplayOn: false
02-25 11:26:33.382  8792  8792 D BenchmarkExecutor: TurningScreenOff - isDisplayOn: false
02-25 11:26:33.382  8792  8792 D BenchmarkExecutor: BatteryUpdate: reqStartBattLevel=-1.0, currBattLevel=0.45, lastReportedBattLevel=0.45 battState=Charging plugged=true
02-25 11:26:34.365  8792  8792 D BenchmarkExecutor: TurningScreenOff - isDisplayOn: false
02-25 11:26:36.373  8792  8792 D BenchmarkExecutor: TurningScreenOff - isDisplayOn: false
02-25 11:26:37.379  8792  8792 D BenchmarkExecutor: TurningScreenOff - isDisplayOn: false
02-25 11:26:38.385  8792  8792 D BenchmarkExecutor: TurningScreenOff - isDisplayOn: false
02-25 11:26:38.387  8792  8792 D BenchmarkExecutor: BatteryUpdate: reqStartBattLevel=-1.0, currBattLevel=0.45, lastReportedBattLevel=0.45 battState=Charging plugged=true
02-25 11:26:39.391  8792  8792 D BenchmarkExecutor: TurningScreenOff - isDisplayOn: false
02-25 11:26:40.394  8792  8792 D BenchmarkExecutor: TurningScreenOff - isDisplayOn: false
02-25 11:26:42.402  8792  8792 D BenchmarkExecutor: TurningScreenOff - isDisplayOn: false
02-25 11:26:43.406  8792  8792 D BenchmarkExecutor: TurningScreenOff - isDisplayOn: false
02-25 11:26:43.407  8792  8792 D BenchmarkExecutor: BatteryUpdate: reqStartBattLevel=-1.0, currBattLevel=0.45, lastReportedBattLevel=0.45 battState=Charging plugged=true
02-25 11:26:45.410  8792  8792 D BenchmarkExecutor: TurningScreenOff - isDisplayOn: false
02-25 11:26:46.401  8792  8792 D BenchmarkExecutor: TurningScreenOff - isDisplayOn: false
02-25 11:26:48.428  8792  8792 D BenchmarkExecutor: TurningScreenOff - isDisplayOn: false
02-25 11:26:48.429  8792  8792 D BenchmarkExecutor: BatteryUpdate: reqStartBattLevel=-1.0, currBattLevel=0.45, lastReportedBattLevel=0.45 battState=Charging plugged=true
02-25 11:26:49.432  8792  8792 D BenchmarkExecutor: TurningScreenOff - isDisplayOn: false
02-25 11:26:50.444  8792  8792 D BenchmarkExecutor: TurningScreenOff - isDisplayOn: false
02-25 11:26:52.449  8792  8792 D BenchmarkExecutor: TurningScreenOff - isDisplayOn: false
02-25 11:26:53.459  8792  8792 D BenchmarkExecutor: TurningScreenOff - isDisplayOn: false
02-25 11:26:53.461  8792  8792 D BenchmarkExecutor: BatteryUpdate: reqStartBattLevel=-1.0, currBattLevel=0.45, lastReportedBattLevel=0.45 battState=Charging plugged=true
02-25 11:26:55.466  8792  8792 D BenchmarkExecutor: TurningScreenOff - isDisplayOn: false
02-25 11:26:56.472  8792  8792 D BenchmarkExecutor: TurningScreenOff - isDisplayOn: false
02-25 11:26:58.483  8792  8792 D BenchmarkExecutor: TurningScreenOff - isDisplayOn: false
02-25 11:26:58.485  8792  8792 D BenchmarkExecutor: BatteryUpdate: reqStartBattLevel=-1.0, currBattLevel=0.45, lastReportedBattLevel=0.45 battState=Charging plugged=true
02-25 11:26:59.485  8792  8792 D BenchmarkExecutor: TurningScreenOff - isDisplayOn: false
02-25 11:27:01.492  8792  8792 D BenchmarkExecutor: TurningScreenOff - isDisplayOn: false
02-25 11:27:02.495  8792  8792 D BenchmarkExecutor: TurningScreenOff - isDisplayOn: false
02-25 11:27:04.510  8792  8792 D BenchmarkExecutor: TurningScreenOff - isDisplayOn: false
02-25 11:27:04.512  8792  8792 D BenchmarkExecutor: BatteryUpdate: reqStartBattLevel=-1.0, currBattLevel=0.45, lastReportedBattLevel=0.45 battState=Charging plugged=true
02-25 11:27:05.513  8792  8792 D BenchmarkExecutor: TurningScreenOff - isDisplayOn: false
02-25 11:27:07.522  8792  8792 D BenchmarkExecutor: TurningScreenOff - isDisplayOn: false
02-25 11:27:08.524  8792  8792 D BenchmarkExecutor: TurningScreenOff - isDisplayOn: false
02-25 11:27:10.531  8792  8792 D BenchmarkExecutor: TurningScreenOff - isDisplayOn: false
02-25 11:27:10.533  8792  8792 D BenchmarkExecutor: BatteryUpdate: reqStartBattLevel=-1.0, currBattLevel=0.45, lastReportedBattLevel=0.45 battState=Charging plugged=true
02-25 11:27:11.535  8792  8792 D BenchmarkExecutor: TurningScreenOff - isDisplayOn: false
02-25 11:27:13.542  8792  8792 D BenchmarkExecutor: TurningScreenOff - isDisplayOn: false
02-25 11:27:14.533  8792  8792 D BenchmarkExecutor: TurningScreenOff - isDisplayOn: false
02-25 11:27:16.557  8792  8792 D BenchmarkExecutor: TurningScreenOff - isDisplayOn: false
02-25 11:27:16.559  8792  8792 D BenchmarkExecutor: BatteryUpdate: reqStartBattLevel=-1.0, currBattLevel=0.45, lastReportedBattLevel=0.45 battState=Charging plugged=true
02-25 11:27:17.556  8792  8792 D BenchmarkExecutor: TurningScreenOff - isDisplayOn: false
02-25 11:27:19.566  8792  8792 D BenchmarkExecutor: TurningScreenOff - isDisplayOn: false
02-25 11:27:20.571  8792  8792 D BenchmarkExecutor: TurningScreenOff - isDisplayOn: false
02-25 11:27:22.575  8792  8792 D BenchmarkExecutor: TurningScreenOff - isDisplayOn: false
02-25 11:27:22.576  8792  8792 D BenchmarkExecutor: BatteryUpdate: reqStartBattLevel=-1.0, currBattLevel=0.45, lastReportedBattLevel=0.45 battState=Charging plugged=true
02-25 11:27:23.578  8792  8792 D BenchmarkExecutor: TurningScreenOff - isDisplayOn: false
02-25 11:27:25.588  8792  8792 D BenchmarkExecutor: TurningScreenOff - isDisplayOn: false
02-25 11:27:26.590  8792  8792 D BenchmarkExecutor: TurningScreenOff - isDisplayOn: false
02-25 11:27:27.604  8792  8792 D BenchmarkExecutor: TurningScreenOff - isDisplayOn: false
02-25 11:27:27.610  8792  8792 D BenchmarkExecutor: BatteryUpdate: reqStartBattLevel=-1.0, currBattLevel=0.45, lastReportedBattLevel=0.45 battState=Charging plugged=true
02-25 11:27:28.585  8792  8792 D BenchmarkExecutor: TurningScreenOff - isDisplayOn: false
02-25 11:27:29.607  8792  8792 D BenchmarkExecutor: TurningScreenOff - isDisplayOn: false
02-25 11:27:30.610  8792  8792 D BenchmarkExecutor: TurningScreenOff - isDisplayOn: false
02-25 11:27:32.622  8792  8792 D BenchmarkExecutor: TurningScreenOff - isDisplayOn: false
02-25 11:27:32.630  8792  8792 D BenchmarkExecutor: BatteryUpdate: reqStartBattLevel=-1.0, currBattLevel=0.45, lastReportedBattLevel=0.45 battState=Charging plugged=true
02-25 11:27:33.623  8792  8792 D BenchmarkExecutor: TurningScreenOff - isDisplayOn: false
02-25 11:27:35.636  8792  8792 D BenchmarkExecutor: TurningScreenOff - isDisplayOn: false
02-25 11:27:36.634  8792  8792 D BenchmarkExecutor: TurningScreenOff - isDisplayOn: false
02-25 11:27:38.653  8792  8792 D BenchmarkExecutor: TurningScreenOff - isDisplayOn: false
02-25 11:27:38.661  8792  8792 D BenchmarkExecutor: BatteryUpdate: reqStartBattLevel=-1.0, currBattLevel=0.45, lastReportedBattLevel=0.45 battState=Charging plugged=true
02-25 11:27:39.655  8792  8792 D BenchmarkExecutor: TurningScreenOff - isDisplayOn: false
02-25 11:27:41.663  8792  8792 D BenchmarkExecutor: TurningScreenOff - isDisplayOn: false
02-25 11:27:42.652  8792  8792 D BenchmarkExecutor: TurningScreenOff - isDisplayOn: false
02-25 11:27:44.674  8792  8792 D BenchmarkExecutor: TurningScreenOff - isDisplayOn: false
02-25 11:27:44.676  8792  8792 D BenchmarkExecutor: BatteryUpdate: reqStartBattLevel=-1.0, currBattLevel=0.45, lastReportedBattLevel=0.45 battState=Charging plugged=true
02-25 11:27:45.680  8792  8792 D BenchmarkExecutor: TurningScreenOff - isDisplayOn: false
02-25 11:27:47.689  8792  8792 D BenchmarkExecutor: TurningScreenOff - isDisplayOn: false
02-25 11:27:48.693  8792  8792 D BenchmarkExecutor: TurningScreenOff - isDisplayOn: false
02-25 11:27:50.704  8792  8792 D BenchmarkExecutor: TurningScreenOff - isDisplayOn: false
02-25 11:27:50.705  8792  8792 D BenchmarkExecutor: BatteryUpdate: reqStartBattLevel=-1.0, currBattLevel=0.45, lastReportedBattLevel=0.45 battState=Charging plugged=true
02-25 11:27:51.710  8792  8792 D BenchmarkExecutor: TurningScreenOff - isDisplayOn: false
02-25 11:27:53.720  8792  8792 D BenchmarkExecutor: TurningScreenOff - isDisplayOn: false
02-25 11:27:54.723  8792  8792 D BenchmarkExecutor: TurningScreenOff - isDisplayOn: false
02-25 11:27:56.716  8792  8792 D BenchmarkExecutor: TurningScreenOff - isDisplayOn: false
02-25 11:27:56.717  8792  8792 D BenchmarkExecutor: BatteryUpdate: reqStartBattLevel=-1.0, currBattLevel=0.45, lastReportedBattLevel=0.45 battState=Charging plugged=true
02-25 11:27:57.733  8792  8792 D BenchmarkExecutor: TurningScreenOff - isDisplayOn: false
02-25 11:27:58.739  8792  8792 D BenchmarkExecutor: TurningScreenOff - isDisplayOn: false
02-25 11:27:59.744  8792  8792 D BenchmarkExecutor: TurningScreenOff - isDisplayOn: false
02-25 11:28:00.751  8792  8792 D BenchmarkExecutor: TurningScreenOff - isDisplayOn: false
02-25 11:28:02.760  8792  8792 D BenchmarkExecutor: TurningScreenOff - isDisplayOn: false
02-25 11:28:02.762  8792  8792 D BenchmarkExecutor: BatteryUpdate: reqStartBattLevel=-1.0, currBattLevel=0.45, lastReportedBattLevel=0.45 battState=Charging plugged=true
02-25 11:28:03.765  8792  8792 D BenchmarkExecutor: TurningScreenOff - isDisplayOn: false
02-25 11:28:04.784  8792  8792 D BenchmarkExecutor: TurningScreenOff - isDisplayOn: false
02-25 11:28:06.780  8792  8792 D BenchmarkExecutor: TurningScreenOff - isDisplayOn: false
02-25 11:28:07.787  8792  8792 D BenchmarkExecutor: TurningScreenOff - isDisplayOn: false
02-25 11:28:07.788  8792  8792 D BenchmarkExecutor: BatteryUpdate: reqStartBattLevel=-1.0, currBattLevel=0.45, lastReportedBattLevel=0.45 battState=Charging plugged=true
02-25 11:28:09.796  8792  8792 D BenchmarkExecutor: TurningScreenOff - isDisplayOn: false
02-25 11:28:10.785  8792  8792 D BenchmarkExecutor: TurningScreenOff - isDisplayOn: false
02-25 11:28:12.813  8792  8792 D BenchmarkExecutor: TurningScreenOff - isDisplayOn: false
02-25 11:28:12.816  8792  8792 D BenchmarkExecutor: BatteryUpdate: reqStartBattLevel=-1.0, currBattLevel=0.45, lastReportedBattLevel=0.45 battState=Charging plugged=true
02-25 11:28:13.814  8792  8792 D BenchmarkExecutor: TurningScreenOff - isDisplayOn: false
02-25 11:28:15.822  8792  8792 D BenchmarkExecutor: TurningScreenOff - isDisplayOn: false
02-25 11:28:16.829  8792  8792 D BenchmarkExecutor: TurningScreenOff - isDisplayOn: false
02-25 11:28:18.836  8792  8792 D BenchmarkExecutor: TurningScreenOff - isDisplayOn: false
02-25 11:28:18.838  8792  8792 D BenchmarkExecutor: BatteryUpdate: reqStartBattLevel=-1.0, currBattLevel=0.45, lastReportedBattLevel=0.45 battState=Charging plugged=true
02-25 11:28:19.843  8792  8792 D BenchmarkExecutor: TurningScreenOff - isDisplayOn: false
02-25 11:28:21.853  8792  8792 D BenchmarkExecutor: TurningScreenOff - isDisplayOn: false
02-25 11:28:22.857  8792  8792 D BenchmarkExecutor: TurningScreenOff - isDisplayOn: false
02-25 11:28:24.850  8792  8792 D BenchmarkExecutor: TurningScreenOff - isDisplayOn: false
02-25 11:28:24.851  8792  8792 D BenchmarkExecutor: BatteryUpdate: reqStartBattLevel=-1.0, currBattLevel=0.45, lastReportedBattLevel=0.45 battState=Charging plugged=true
02-25 11:28:25.858  8792  8792 D BenchmarkExecutor: TurningScreenOff - isDisplayOn: false
02-25 11:28:27.877  8792  8792 D BenchmarkExecutor: TurningScreenOff - isDisplayOn: false
02-25 11:28:28.880  8792  8792 D BenchmarkExecutor: TurningScreenOff - isDisplayOn: false
02-25 11:28:30.893  8792  8792 D BenchmarkExecutor: TurningScreenOff - isDisplayOn: false
02-25 11:28:30.894  8792  8792 D BenchmarkExecutor: BatteryUpdate: reqStartBattLevel=-1.0, currBattLevel=0.45, lastReportedBattLevel=0.45 battState=Charging plugged=true
02-25 11:28:31.898  8792  8792 D BenchmarkExecutor: TurningScreenOff - isDisplayOn: false
02-25 11:28:33.909  8792  8792 D BenchmarkExecutor: TurningScreenOff - isDisplayOn: false
02-25 11:28:34.917  8792  8792 D BenchmarkExecutor: TurningScreenOff - isDisplayOn: false
02-25 11:28:36.929  8792  8792 D BenchmarkExecutor: TurningScreenOff - isDisplayOn: false
02-25 11:28:36.930  8792  8792 D BenchmarkExecutor: BatteryUpdate: reqStartBattLevel=-1.0, currBattLevel=0.45, lastReportedBattLevel=0.45 battState=Charging plugged=true
02-25 11:28:37.926  8792  8792 D BenchmarkExecutor: TurningScreenOff - isDisplayOn: false
02-25 11:28:38.914  8792  8792 D BenchmarkExecutor: TurningScreenOff - isDisplayOn: false
02-25 11:28:39.932  8792  8792 D BenchmarkExecutor: TurningScreenOff - isDisplayOn: false
02-25 11:28:40.936  8792  8792 D BenchmarkExecutor: TurningScreenOff - isDisplayOn: false
02-25 11:28:42.947  8792  8792 D BenchmarkExecutor: TurningScreenOff - isDisplayOn: false
02-25 11:28:42.949  8792  8792 D BenchmarkExecutor: BatteryUpdate: reqStartBattLevel=-1.0, currBattLevel=0.45, lastReportedBattLevel=0.45 battState=Charging plugged=true
02-25 11:28:43.955  8792  8792 D BenchmarkExecutor: TurningScreenOff - isDisplayOn: false
02-25 11:28:44.959  8792  8792 D BenchmarkExecutor: TurningScreenOff - isDisplayOn: false
02-25 11:28:46.972  8792  8792 D BenchmarkExecutor: TurningScreenOff - isDisplayOn: false
02-25 11:28:47.976  8792  8792 D BenchmarkExecutor: TurningScreenOff - isDisplayOn: false
02-25 11:28:47.977  8792  8792 D BenchmarkExecutor: BatteryUpdate: reqStartBattLevel=-1.0, currBattLevel=0.45, lastReportedBattLevel=0.45 battState=Charging plugged=true
02-25 11:28:48.982  8792  8792 D BenchmarkExecutor: TurningScreenOff - isDisplayOn: false
02-25 11:28:49.987  8792  8792 D BenchmarkExecutor: TurningScreenOff - isDisplayOn: false
02-25 11:28:50.988  8792  8792 D BenchmarkExecutor: TurningScreenOff - isDisplayOn: false
02-25 11:28:52.981  8792  8792 D BenchmarkExecutor: TurningScreenOff - isDisplayOn: false
02-25 11:28:52.982  8792  8792 D BenchmarkExecutor: BatteryUpdate: reqStartBattLevel=-1.0, currBattLevel=0.45, lastReportedBattLevel=0.45 battState=Charging plugged=true
02-25 11:28:53.998  8792  8792 D BenchmarkExecutor: TurningScreenOff - isDisplayOn: false
02-25 11:28:56.006  8792  8792 D BenchmarkExecutor: TurningScreenOff - isDisplayOn: false
02-25 11:28:57.017  8792  8792 D BenchmarkExecutor: TurningScreenOff - isDisplayOn: false
02-25 11:28:59.023  8792  8792 D BenchmarkExecutor: TurningScreenOff - isDisplayOn: false
02-25 11:28:59.027  8792  8792 D BenchmarkExecutor: BatteryUpdate: reqStartBattLevel=-1.0, currBattLevel=0.45, lastReportedBattLevel=0.45 battState=Charging plugged=true
02-25 11:29:00.028  8792  8792 D BenchmarkExecutor: TurningScreenOff - isDisplayOn: false
02-25 11:29:02.035  8792  8792 D BenchmarkExecutor: TurningScreenOff - isDisplayOn: false
02-25 11:29:03.041  8792  8792 D BenchmarkExecutor: TurningScreenOff - isDisplayOn: false
02-25 11:29:05.049  8792  8792 D BenchmarkExecutor: TurningScreenOff - isDisplayOn: false
02-25 11:29:05.050  8792  8792 D BenchmarkExecutor: BatteryUpdate: reqStartBattLevel=-1.0, currBattLevel=0.45, lastReportedBattLevel=0.45 battState=Charging plugged=true
02-25 11:29:06.052  8792  8792 D BenchmarkExecutor: TurningScreenOff - isDisplayOn: false
02-25 11:29:08.059  8792  8792 D BenchmarkExecutor: TurningScreenOff - isDisplayOn: false
02-25 11:29:09.066  8792  8792 D BenchmarkExecutor: TurningScreenOff - isDisplayOn: false
02-25 11:29:11.073  8792  8792 D BenchmarkExecutor: TurningScreenOff - isDisplayOn: false
02-25 11:29:11.075  8792  8792 D BenchmarkExecutor: BatteryUpdate: reqStartBattLevel=-1.0, currBattLevel=0.45, lastReportedBattLevel=0.45 battState=Charging plugged=true
02-25 11:29:12.083  8792  8792 D BenchmarkExecutor: TurningScreenOff - isDisplayOn: false
02-25 11:29:14.085  8792  8792 D BenchmarkExecutor: TurningScreenOff - isDisplayOn: false
02-25 11:29:15.090  8792  8792 D BenchmarkExecutor: TurningScreenOff - isDisplayOn: false
02-25 11:29:17.103  8792  8792 D BenchmarkExecutor: TurningScreenOff - isDisplayOn: false
02-25 11:29:17.105  8792  8792 D BenchmarkExecutor: BatteryUpdate: reqStartBattLevel=-1.0, currBattLevel=0.45, lastReportedBattLevel=0.45 battState=Charging plugged=true
02-25 11:29:18.104  8792  8792 D BenchmarkExecutor: TurningScreenOff - isDisplayOn: false
02-25 11:29:19.108  8792  8792 D BenchmarkExecutor: TurningScreenOff - isDisplayOn: false
02-25 11:29:20.095  8792  8792 D BenchmarkExecutor: TurningScreenOff - isDisplayOn: false
02-25 11:29:21.107  8792  8792 D BenchmarkExecutor: TurningScreenOff - isDisplayOn: false
02-25 11:29:22.116  8792  8792 D BenchmarkExecutor: TurningScreenOff - isDisplayOn: false
02-25 11:29:22.117  8792  8792 D BenchmarkExecutor: BatteryUpdate: reqStartBattLevel=-1.0, currBattLevel=0.45, lastReportedBattLevel=0.45 battState=Charging plugged=true
02-25 11:29:24.123  8792  8792 D BenchmarkExecutor: TurningScreenOff - isDisplayOn: false
02-25 11:29:25.130  8792  8792 D BenchmarkExecutor: TurningScreenOff - isDisplayOn: false
02-25 11:29:27.142  8792  8792 D BenchmarkExecutor: TurningScreenOff - isDisplayOn: false
02-25 11:29:27.143  8792  8792 D BenchmarkExecutor: BatteryUpdate: reqStartBattLevel=-1.0, currBattLevel=0.45, lastReportedBattLevel=0.45 battState=Charging plugged=true
02-25 11:29:28.444  8792  8792 D BenchmarkExecutor: TurningScreenOff - isDisplayOn: false
02-25 11:29:29.144  8792  8792 D BenchmarkExecutor: TurningScreenOff - isDisplayOn: false
02-25 11:29:30.450  8792  8792 D BenchmarkExecutor: TurningScreenOff - isDisplayOn: false
02-25 11:29:31.150  8792  8792 D BenchmarkExecutor: TurningScreenOff - isDisplayOn: false
02-25 11:29:33.161  8792  8792 D BenchmarkExecutor: TurningScreenOff - isDisplayOn: false
02-25 11:29:33.162  8792  8792 D BenchmarkExecutor: BatteryUpdate: reqStartBattLevel=-1.0, currBattLevel=0.45, lastReportedBattLevel=0.45 battState=Charging plugged=true
02-25 11:29:34.152  8792  8792 D BenchmarkExecutor: TurningScreenOff - isDisplayOn: false
02-25 11:29:36.175  8792  8792 D BenchmarkExecutor: TurningScreenOff - isDisplayOn: false
02-25 11:29:37.180  8792  8792 D BenchmarkExecutor: TurningScreenOff - isDisplayOn: false
02-25 11:29:39.188  8792  8792 D BenchmarkExecutor: TurningScreenOff - isDisplayOn: false
02-25 11:29:39.189  8792  8792 D BenchmarkExecutor: BatteryUpdate: reqStartBattLevel=-1.0, currBattLevel=0.45, lastReportedBattLevel=0.45 battState=Charging plugged=true
02-25 11:29:40.195  8792  8792 D BenchmarkExecutor: TurningScreenOff - isDisplayOn: false
02-25 11:29:42.496  8792  8792 D BenchmarkExecutor: TurningScreenOff - isDisplayOn: false
